// Jest Snapshot v1, https://goo.gl/fbAQLP

exports[`<Accordion /> opens and closes the <Accordion /> component 1`] = `
<div
  class="accordion__Container-sc-3wgph8-0 jBFtLW"
>
  <div
    class="accordion__Inner-sc-3wgph8-2 dnHIXu"
  >
    <h1
      class="accordion__Title-sc-3wgph8-3 fksZRt"
    >
      Frequently Asked Questions
    </h1>
    <div
      class="accordion__Frame-sc-3wgph8-1 dsqXUP"
    >
      <div
        class="accordion__Item-sc-3wgph8-4 lfFsdx"
      >
        <div
          class="accordion__Header-sc-3wgph8-5 kLWGBo"
        >
          What is Netflix?
          <img
            alt="Open"
            src="/images/icons/add.png"
          />
        </div>
      </div>
      <div
        class="accordion__Item-sc-3wgph8-4 lfFsdx"
      >
        <div
          class="accordion__Header-sc-3wgph8-5 kLWGBo"
        >
          How much does Netflix cost?
          <img
            alt="Open"
            src="/images/icons/add.png"
          />
        </div>
      </div>
      <div
        class="accordion__Item-sc-3wgph8-4 lfFsdx"
      >
        <div
          class="accordion__Header-sc-3wgph8-5 kLWGBo"
        >
          Where can I watch?
          <img
            alt="Open"
            src="/images/icons/add.png"
          />
        </div>
      </div>
      <div
        class="accordion__Item-sc-3wgph8-4 lfFsdx"
      >
        <div
          class="accordion__Header-sc-3wgph8-5 kLWGBo"
        >
          How do I cancel?
          <img
            alt="Open"
            src="/images/icons/add.png"
          />
        </div>
      </div>
      <div
        class="accordion__Item-sc-3wgph8-4 lfFsdx"
      >
        <div
          class="accordion__Header-sc-3wgph8-5 kLWGBo"
        >
          What can I watch on Netflix?
          <img
            alt="Open"
            src="/images/icons/add.png"
          />
        </div>
      </div>
    </div>
  </div>
</div>
`;

exports[`<Accordion /> renders the <Accordion /> with populated data 1`] = `
<div
  class="accordion__Container-sc-3wgph8-0 jBFtLW"
>
  <div
    class="accordion__Inner-sc-3wgph8-2 dnHIXu"
  >
    <h1
      class="accordion__Title-sc-3wgph8-3 fksZRt"
    >
      Frequently Asked Questions
    </h1>
    <div
      class="accordion__Frame-sc-3wgph8-1 dsqXUP"
    >
      <div
        class="accordion__Item-sc-3wgph8-4 lfFsdx"
      >
        <div
          class="accordion__Header-sc-3wgph8-5 kLWGBo"
        >
          What is Netflix?
          <img
            alt="Open"
            src="/images/icons/add.png"
          />
        </div>
      </div>
      <div
        class="accordion__Item-sc-3wgph8-4 lfFsdx"
      >
        <div
          class="accordion__Header-sc-3wgph8-5 kLWGBo"
        >
          How much does Netflix cost?
          <img
            alt="Open"
            src="/images/icons/add.png"
          />
        </div>
      </div>
      <div
        class="accordion__Item-sc-3wgph8-4 lfFsdx"
      >
        <div
          class="accordion__Header-sc-3wgph8-5 kLWGBo"
        >
          Where can I watch?
          <img
            alt="Open"
            src="/images/icons/add.png"
          />
        </div>
      </div>
      <div
        class="accordion__Item-sc-3wgph8-4 lfFsdx"
      >
        <div
          class="accordion__Header-sc-3wgph8-5 kLWGBo"
        >
          How do I cancel?
          <img
            alt="Open"
            src="/images/icons/add.png"
          />
        </div>
      </div>
      <div
        class="accordion__Item-sc-3wgph8-4 lfFsdx"
      >
        <div
          class="accordion__Header-sc-3wgph8-5 kLWGBo"
        >
          What can I watch on Netflix?
          <img
            alt="Open"
            src="/images/icons/add.png"
          />
        </div>
      </div>
    </div>
  </div>
</div>
`;
