// Jest Snapshot v1, https://goo.gl/fbAQLP

exports[`<Player /> renders the <Player /> with a bunny video 1`] = `
<div
  class="player__Container-sc-1x2hymq-0"
>
  <button
    class="player__Button-sc-1x2hymq-4 ejtVcn"
  >
    Play
  </button>
</div>
`;
